
> lotto-web-service@1.0.0 test
> tsx --tsconfig tsconfig.test.json --test tests/all.test.ts

✔ draws api returns success payload (3.5233ms)
✔ draw by round api returns 404 for unknown rounds (0.476ms)
✔ draw by round api returns success for known rounds (0.313ms)
✔ generate api validates invalid strategy (0.7282ms)
✔ generate api returns requested set count (1.7346ms)
✔ generate api records stats through admin commit with request ledger (8.2781ms)
✔ generate api replays stored response for duplicate request ids (2.1711ms)
✔ generate api validates overlapping fixed and excluded numbers (0.3134ms)
✔ generate api returns filtered sets (0.6247ms)
✔ stats api returns top level metadata (0.5858ms)
✔ generation service returns valid sets (0.269ms)
✔ frequency strategy includes a non-empty reason (0.1115ms)
✔ filter strategy respects fixed and excluded numbers (0.2654ms)
✔ filter strategy throws after max attempts for impossible sum ranges (16.2013ms)
✔ recent_10 period returns 10 draws (0.1722ms)
✔ frequency stats count repeated numbers (0.173ms)
✔ home page renders focused core sections (10.374ms)
✔ generate page renders generator overview (2.6074ms)
✔ generated stats page renders public stats copy (2.4519ms)
✔ draw analysis hub page renders recent analysis cards (2.7174ms)
✔ draw analysis page renders article style content (1.6893ms)
✔ draws page renders draw list (4.4409ms)
✔ draw detail page renders requested round (1.0014ms)
✖ stats page renders simplified dashboard sections (3.8904ms)
✔ number detail page renders requested number stats (2.5272ms)
✔ lotto buy guide page renders official buying info (0.7076ms)
✔ site metadata includes Korean lottery search keywords (0.1187ms)
✔ normalizeOfficialDraw converts official payload into Draw shape (0.2543ms)
✔ mergeDraws appends a new draw without duplicating rounds (0.2076ms)
✔ shouldRunSundaySync returns true for Sunday in Asia/Seoul (11.5751ms)
✔ fetchOfficialDraw returns null when the official site responds with html (0.4917ms)
✔ toLottoDrawRecord normalizes a draw into Firestore record shape (0.1971ms)
✔ getLottoDrawDocumentId uses round number as document id (0.0762ms)
✔ getDrawsToSyncFromOfficial returns consecutive new draws until official response stops (0.4577ms)
✔ evaluateGeneratedRecord uses persisted settlement when record is already closed (0.127ms)
✔ firestore env checks infer project id from service account email (0.2319ms)
✔ listGeneratedRecordsForRound sorts records without requiring firestore orderBy (0.7126ms)
✔ configured official draws come from the local archive file (0.1058ms)
✔ available draws use the same local archive as the repository source (0.0736ms)
✔ robots points to sitemap on official domain (0.1368ms)
✔ official site url matches the production domain (0.0475ms)
✖ sitemap includes seo landing and analysis routes (3.0329ms)
ℹ tests 42
ℹ suites 0
ℹ pass 40
ℹ fail 2
ℹ cancelled 0
ℹ skipped 0
ℹ todo 0
ℹ duration_ms 784.368

✖ failing tests:

test at tests\pages.test.ts:2:3973
✖ stats page renders simplified dashboard sections (3.8904ms)
  AssertionError [ERR_ASSERTION]: The input did not match the regular expression /\/hot-numbers/. Input:
  
  '<div class="mx-auto flex max-w-6xl flex-col gap-8 px-6 py-12"><section class="panel hero-panel flex flex-col gap-8"><div><p class="eyebrow">로또 통계 허브</p><h1 class="section-title mt-4 text-gradient-silver">공식 당첨 기록으로 흐름을 판단하세요</h1><p class="body-large mt-4 max-w-4xl text-slate-300">이 화면은 전체 로또 통계 지표를 한눈에 보여주는 메인 대시보드입니다. 전체적인 데이터 요약을 먼저 확인하시고, 하단의 주제별 심층 분석 카드를 통해 원하는 패턴으로 즉시 진입하세요.</p></div></section><section class="panel mt-2"><h2 class="mb-4 text-xl font-semibold text-white">주제별 심층 분석</h2><div class="grid gap-3 md:grid-cols-2 lg:grid-cols-3"><a class="play-card" href="/stats#hot-numbers"><span class="play-card-kicker">핵심 번호</span><span class="play-card-title">자주 나온 번호</span><span class="play-card-body">전체 회차 기준으로 많이 나온 번호를 먼저 확인합니다.</span></a><a class="play-card" href="/stats#cold-numbers"><span class="play-card-kicker">반대 신호</span><span class="play-card-title">적게 나온 번호</span><span class="play-card-body">상대적으로 조용했던 번호를 따로 모아 비교합니다.</span></a><a class="play-card" href="/stats#odd-even-pattern"><span class="play-card-kicker">패턴 분석 1</span><span class="play-card-title">홀짝 패턴</span><span class="play-card-body">홀짝 비율이 어떤 조합으로 자주 나왔는지 확인합니다.</span></a><a class="play-card" href="/stats#sum-pattern"><span class="play-card-kicker">패턴 분석 2</span><span class="play-card-title">합계 패턴</span><span class="play-card-body">번호 6개의 합계 구간이 어떻게 분포되는지 파악합니다.</span></a><a class="play-card" href="/stats#recent-10-draw-analysis"><span class="play-card-kicker">단기 변화</span><span class="play-card-title">최근 10회 해석</span><span class="play-card-body">짧은 구간에서 반복되는 흐름을 먼저 보고 싶을 때 유용합니다.</span></a></div></section><section class="panel"><div class="grid gap-3 md:grid-cols-2 xl:grid-cols-4"><article id="odd-even-pattern" class="kpi-cell"><p class="text-base text-slate-300">전체 회차</p><p class="mt-3 text-3xl font-semibold text-white">1220회</p><p class="mt-2 text-sm text-slate-400">현재 선택 기준으로 비교 중인 회차 수입니다.</p></article><article id="sum-pattern" class="kpi-cell"><p class="text-base text-slate-300">평균 합계</p><p class="mt-3 text-3xl font-semibold text-white">138</p><p class="mt-2 text-sm text-slate-400">6개 번호 합계의 평균값입니다.</p></article><article class="kpi-cell"><p class="text-base text-slate-300">대표 홀짝 비율</p><p class="mt-3 text-3xl font-semibold text-white">3:3</p><p class="mt-2 text-sm text-slate-400">가장 자주 나온 홀짝 조합입니다.</p></article><article class="kpi-cell"><p class="text-base text-slate-300">대표 합계 구간</p><p class="mt-3 text-3xl font-semibold text-white">120-139</p><p class="mt-2 text-sm text-slate-400">가장 많이 나온 합계 구간입니다.</p></article></div></section><section id="recent-10-draw-analysis" class="grid gap-6 lg:grid-cols-2"><div class="panel"><p class="eyebrow">핵심 번호</p><h2 class="section-subtitle mt-3 text-white">전체 회차에서 먼저 봐야 할 번호</h2><div class="mt-6 grid gap-4 sm:grid-cols-2"><a id="hot-numbers" class="soft-card transition hover:border-white/20" href="/stats/numbers/34"><p class="text-base text-slate-300">가장 자주 나온 번호</p><div class="mt-4 flex items-end justify-between gap-4"><p class="text-4xl font-semibold text-white">34</p><span class="rounded-full bg-accent/10 px-3 py-1 text-sm font-medium text-white">182회</span></div><p class="mt-3 text-sm text-slate-400">출현 비율 14.9%</p></a><a id="cold-numbers" class="soft-card transition hover:border-white/20" href="/stats/numbers/9"><p class="text-base text-slate-300">가장 적게 나온 번호</p><div class="mt-4 flex items-end justify-between gap-4"><p class="text-4xl font-semibold text-white">9</p><span class="rounded-full bg-accent/10 px-3 py-1 text-sm font-medium text-white">133회</span></div><p class="mt-3 text-sm text-slate-400">출현 비율 10.9%</p></a></div></div><div class="panel"><p class="eyebrow">비교</p><h2 class="section-subtitle mt-3 text-white">최근 10회와 붙여 보기</h2><div class="mt-6 grid gap-4 sm:grid-cols-2"><article class="soft-card"><p class="text-base text-slate-300">가장 자주 나온 번호</p><p class="mt-3 text-3xl font-semibold text-white">15</p><p class="mt-2 text-sm text-slate-400">5회 · 50%</p></article><article class="soft-card"><p class="text-base text-slate-300">평균 합계</p><p class="mt-3 text-3xl font-semibold text-white">144</p><p class="mt-2 text-sm text-slate-400">최근 10회 기준 평균값입니다.</p></article></div></div></section><section class="grid gap-6 lg:grid-cols-2"><div class="rounded-3xl border border-white/10 bg-slate-950/40 p-5"><p class="text-base font-medium text-white">전체 회차 상위 번호</p><div class="mt-4 h-64"><canvas role="img" height="150" width="300"></canvas></div></div><div class="rounded-3xl border border-white/10 bg-slate-950/40 p-5"><p class="text-base font-medium text-white">최근 10회 상위 번호</p><div class="mt-4 h-64"><canvas role="img" height="150" width="300"></canvas></div></div></section><section class="grid gap-6 lg:grid-cols-2"><div class="panel"><p class="eyebrow">최근 흐름</p><h2 class="section-subtitle mt-3 text-white">최근 10회에서 다시 튀는 번호</h2><div class="mt-6 flex flex-wrap gap-3"><a class="rounded-full border border-white/10 px-4 py-2 text-sm text-slate-200 transition hover:border-white/30" href="/stats/numbers/15">15 <span class="text-slate-400">5회</span></a><a class="rounded-full border border-white/10 px-4 py-2 text-sm text-slate-200 transition hover:border-white/30" href="/stats/numbers/10">10 <span class="text-slate-400">3회</span></a><a class="rounded-full border border-white/10 px-4 py-2 text-sm text-slate-200 transition hover:border-white/30" href="/stats/numbers/25">25 <span class="text-slate-400">3회</span></a><a class="rounded-full border border-white/10 px-4 py-2 text-sm text-slate-200 transition hover:border-white/30" href="/stats/numbers/27">27 <span class="text-slate-400">3회</span></a><a class="rounded-full border border-white/10 px-4 py-2 text-sm text-slate-200 transition hover:border-white/30" href="/stats/numbers/28">28 <span class="text-slate-400">3회</span></a></div></div><div class="panel"><p class="eyebrow">읽는 법</p><h2 class="section-subtitle mt-3 text-white">공식 당첨 기록을 판단 근거로 쓰는 기준</h2><div class="mt-6 grid gap-4"><article class="soft-card text-sm leading-7 text-slate-300">먼저 강한 번호를 잡고, 그 다음 최근 10회 쪽으로 시선을 옮기면 지금 바뀌는 흐름이 보입니다.</article><article class="soft-card text-sm leading-7 text-slate-300">홀짝과 합계는 분위기를 읽는 기준이고, 번호 통계는 실제 선택 후보를 좁히는 기준입니다.</article><article class="soft-card text-sm leading-7 text-slate-300">공식 데이터로 흐름을 잡고, 그 다음 우리 유저 데이터에서 많이 몰리는 번호인지까지 같이 보면 더 입체적으로 판단할 수 있습니다.</article><a class="secondary-button justify-center" href="/generated-stats">우리 유저 데이터로 이어 보기</a></div></div></section><section class="panel mt-2"><h2 class="text-xl font-semibold text-white">로또 통계 분석 가이드</h2><p class="mt-4 text-sm leading-7 text-slate-300">과거의 로또 당첨 번호를 분석하는 것은 단순히 &#x27;다음에 확실히 나올 번호&#x27;를 예측하는 것이 아닙니다. 매 회차의 추첨은 독립 시행이므로 수학적 확률은 항상 동일합니다. 하지만 누적된 데이터를 통해 사람들이 어떤 번호를 선호하는지, 어떤 패턴(예: 특정 홀짝 비율, 합계 구간)이 평균적으로 자주 발생했는지를 파악할 수 있습니다. 이러한 통계적 접근은 특정 번호 조합에 군중이 몰리는 현상(겹침 현상)을 회피하여, 만약 1등에 당첨되었을 때 수령할 당첨금의 기대 가치를 높이는 전략적인 선택을 돕습니다. &#x27;장기 흐름&#x27;을 통해 전체적인 출현 빈도를 확인하고, &#x27;최근 10회&#x27;를 통해 단기적인 번호 출현의 쏠림 현상을 분석해 보세요.</p></section></div>'
  
      at TestContext.<anonymous> (C:\Users\jes27\OneDrive\code\lotto_v2\tests\pages.test.ts:75:10)
      at async Test.run (node:internal/test_runner/test:1116:7)
      at async Test.processPendingSubtests (node:internal/test_runner/test:786:7) {
    generatedMessage: true,
    code: 'ERR_ASSERTION',
    actual: '<div class="mx-auto flex max-w-6xl flex-col gap-8 px-6 py-12"><section class="panel hero-panel flex flex-col gap-8"><div><p class="eyebrow">로또 통계 허브</p><h1 class="section-title mt-4 text-gradient-silver">공식 당첨 기록으로 흐름을 판단하세요</h1><p class="body-large mt-4 max-w-4xl text-slate-300">이 화면은 전체 로또 통계 지표를 한눈에 보여주는 메인 대시보드입니다. 전체적인 데이터 요약을 먼저 확인하시고, 하단의 주제별 심층 분석 카드를 통해 원하는 패턴으로 즉시 진입하세요.</p></div></section><section class="panel mt-2"><h2 class="mb-4 text-xl font-semibold text-white">주제별 심층 분석</h2><div class="grid gap-3 md:grid-cols-2 lg:grid-cols-3"><a class="play-card" href="/stats#hot-numbers"><span class="play-card-kicker">핵심 번호</span><span class="play-card-title">자주 나온 번호</span><span class="play-card-body">전체 회차 기준으로 많이 나온 번호를 먼저 확인합니다.</span></a><a class="play-card" href="/stats#cold-numbers"><span class="play-card-kicker">반대 신호</span><span class="play-card-title">적게 나온 번호</span><span class="play-card-body">상대적으로 조용했던 번호를 따로 모아 비교합니다.</span></a><a class="play-card" href="/stats#odd-even-pattern"><span class="play-card-kicker">패턴 분석 1</span><span class="play-card-title">홀짝 패턴</span><span class="play-card-body">홀짝 비율이 어떤 조합으로 자주 나왔는지 확인합니다.</span></a><a class="play-card" href="/stats#sum-pattern"><span class="play-card-kicker">패턴 분석 2</span><span class="play-card-title">합계 패턴</span><span class="play-card-body">번호 6개의 합계 구간이 어떻게 분포되는지 파악합니다.</span></a><a class="play-card" href="/stats#recent-10-draw-analysis"><span class="play-card-kicker">단기 변화</span><span class="play-card-title">최근 10회 해석</span><span class="play-card-body">짧은 구간에서 반복되는 흐름을 먼저 보고 싶을 때 유용합니다.</span></a></div></section><section class="panel"><div class="grid gap-3 md:grid-cols-2 xl:grid-cols-4"><article id="odd-even-pattern" class="kpi-cell"><p class="text-base text-slate-300">전체 회차</p><p class="mt-3 text-3xl font-semibold text-white">1220회</p><p class="mt-2 text-sm text-slate-400">현재 선택 기준으로 비교 중인 회차 수입니다.</p></article><article id="sum-pattern" class="kpi-cell"><p class="text-base text-slate-300">평균 합계</p><p class="mt-3 text-3xl font-semibold text-white">138</p><p class="mt-2 text-sm text-slate-400">6개 번호 합계의 평균값입니다.</p></article><article class="kpi-cell"><p class="text-base text-slate-300">대표 홀짝 비율</p><p class="mt-3 text-3xl font-semibold text-white">3:3</p><p class="mt-2 text-sm text-slate-400">가장 자주 나온 홀짝 조합입니다.</p></article><article class="kpi-cell"><p class="text-base text-slate-300">대표 합계 구간</p><p class="mt-3 text-3xl font-semibold text-white">120-139</p><p class="mt-2 text-sm text-slate-400">가장 많이 나온 합계 구간입니다.</p></article></div></section><section id="recent-10-draw-analysis" class="grid gap-6 lg:grid-cols-2"><div class="panel"><p class="eyebrow">핵심 번호</p><h2 class="section-subtitle mt-3 text-white">전체 회차에서 먼저 봐야 할 번호</h2><div class="mt-6 grid gap-4 sm:grid-cols-2"><a id="hot-numbers" class="soft-card transition hover:border-white/20" href="/stats/numbers/34"><p class="text-base text-slate-300">가장 자주 나온 번호</p><div class="mt-4 flex items-end justify-between gap-4"><p class="text-4xl font-semibold text-white">34</p><span class="rounded-full bg-accent/10 px-3 py-1 text-sm font-medium text-white">182회</span></div><p class="mt-3 text-sm text-slate-400">출현 비율 14.9%</p></a><a id="cold-numbers" class="soft-card transition hover:border-white/20" href="/stats/numbers/9"><p class="text-base text-slate-300">가장 적게 나온 번호</p><div class="mt-4 flex items-end justify-between gap-4"><p class="text-4xl font-semibold text-white">9</p><span class="rounded-full bg-accent/10 px-3 py-1 text-sm font-medium text-white">133회</span></div><p class="mt-3 text-sm text-slate-400">출현 비율 10.9%</p></a></div></div><div class="panel"><p class="eyebrow">비교</p><h2 class="section-subtitle mt-3 text-white">최근 10회와 붙여 보기</h2><div class="mt-6 grid gap-4 sm:grid-cols-2"><article class="soft-card"><p class="text-base text-slate-300">가장 자주 나온 번호</p><p class="mt-3 text-3xl font-semibold text-white">15</p><p class="mt-2 text-sm text-slate-400">5회 · 50%</p></article><article class="soft-card"><p class="text-base text-slate-300">평균 합계</p><p class="mt-3 text-3xl font-semibold text-white">144</p><p class="mt-2 text-sm text-slate-400">최근 10회 기준 평균값입니다.</p></article></div></div></section><section class="grid gap-6 lg:grid-cols-2"><div class="rounded-3xl border border-white/10 bg-slate-950/40 p-5"><p class="text-base font-medium text-white">전체 회차 상위 번호</p><div class="mt-4 h-64"><canvas role="img" height="150" width="300"></canvas></div></div><div class="rounded-3xl border border-white/10 bg-slate-950/40 p-5"><p class="text-base font-medium text-white">최근 10회 상위 번호</p><div class="mt-4 h-64"><canvas role="img" height="150" width="300"></canvas></div></div></section><section class="grid gap-6 lg:grid-cols-2"><div class="panel"><p class="eyebrow">최근 흐름</p><h2 class="section-subtitle mt-3 text-white">최근 10회에서 다시 튀는 번호</h2><div class="mt-6 flex flex-wrap gap-3"><a class="rounded-full border border-white/10 px-4 py-2 text-sm text-slate-200 transition hover:border-white/30" href="/stats/numbers/15">15 <span class="text-slate-400">5회</span></a><a class="rounded-full border border-white/10 px-4 py-2 text-sm text-slate-200 transition hover:border-white/30" href="/stats/numbers/10">10 <span class="text-slate-400">3회</span></a><a class="rounded-full border border-white/10 px-4 py-2 text-sm text-slate-200 transition hover:border-white/30" href="/stats/numbers/25">25 <span class="text-slate-400">3회</span></a><a class="rounded-full border border-white/10 px-4 py-2 text-sm text-slate-200 transition hover:border-white/30" href="/stats/numbers/27">27 <span class="text-slate-400">3회</span></a><a class="rounded-full border border-white/10 px-4 py-2 text-sm text-slate-200 transition hover:border-white/30" href="/stats/numbers/28">28 <span class="text-slate-400">3회</span></a></div></div><div class="panel"><p class="eyebrow">읽는 법</p><h2 class="section-subtitle mt-3 text-white">공식 당첨 기록을 판단 근거로 쓰는 기준</h2><div class="mt-6 grid gap-4"><article class="soft-card text-sm leading-7 text-slate-300">먼저 강한 번호를 잡고, 그 다음 최근 10회 쪽으로 시선을 옮기면 지금 바뀌는 흐름이 보입니다.</article><article class="soft-card text-sm leading-7 text-slate-300">홀짝과 합계는 분위기를 읽는 기준이고, 번호 통계는 실제 선택 후보를 좁히는 기준입니다.</article><article class="soft-card text-sm leading-7 text-slate-300">공식 데이터로 흐름을 잡고, 그 다음 우리 유저 데이터에서 많이 몰리는 번호인지까지 같이 보면 더 입체적으로 판단할 수 있습니다.</article><a class="secondary-button justify-center" href="/generated-stats">우리 유저 데이터로 이어 보기</a></div></div></section><section class="panel mt-2"><h2 class="text-xl font-semibold text-white">로또 통계 분석 가이드</h2><p class="mt-4 text-sm leading-7 text-slate-300">과거의 로또 당첨 번호를 분석하는 것은 단순히 &#x27;다음에 확실히 나올 번호&#x27;를 예측하는 것이 아닙니다. 매 회차의 추첨은 독립 시행이므로 수학적 확률은 항상 동일합니다. 하지만 누적된 데이터를 통해 사람들이 어떤 번호를 선호하는지, 어떤 패턴(예: 특정 홀짝 비율, 합계 구간)이 평균적으로 자주 발생했는지를 파악할 수 있습니다. 이러한 통계적 접근은 특정 번호 조합에 군중이 몰리는 현상(겹침 현상)을 회피하여, 만약 1등에 당첨되었을 때 수령할 당첨금의 기대 가치를 높이는 전략적인 선택을 돕습니다. &#x27;장기 흐름&#x27;을 통해 전체적인 출현 빈도를 확인하고, &#x27;최근 10회&#x27;를 통해 단기적인 번호 출현의 쏠림 현상을 분석해 보세요.</p></section></div>',
    expected: /\/hot-numbers/,
    operator: 'match',
    diff: 'simple'
  }

test at tests\seo.test.ts:2:1538
✖ sitemap includes seo landing and analysis routes (3.0329ms)
  AssertionError [ERR_ASSERTION]: The expression evaluated to a falsy value:
  
    assert.ok(urls.includes("https://lotto-maker.cloud/odd-even-pattern"))
  
      at TestContext.<anonymous> (C:\Users\jes27\OneDrive\code\lotto_v2\tests\seo.test.ts:27:10)
      at async Test.run (node:internal/test_runner/test:1116:7)
      at async Test.processPendingSubtests (node:internal/test_runner/test:786:7) {
    generatedMessage: true,
    code: 'ERR_ASSERTION',
    actual: false,
    expected: true,
    operator: '==',
    diff: 'simple'
  }
